../Core/Src/BL.c:23:6:BL_voidHandlerGetVersionCmd	32	static
../Core/Src/BL.c:51:6:BL_voidHandlerGetHelpCmd	40	static
../Core/Src/BL.c:93:6:BL_voidHandlerGetCIDCmd	32	static
../Core/Src/BL.c:123:6:BL_voidHandlerGetRDPStatusCmd	32	static
../Core/Src/BL.c:151:6:BL_voidHandlerGoToAdressCmd	40	static
../Core/Src/BL.c:196:6:BL_voidHandlerFlashEraseCmd	32	static
../Core/Src/BL.c:232:6:BL_voidHandlerMemWriteCmd	32	static
../Core/Src/BL.c:273:6:BL_voidHandlerEnRwProtectCmd	16	static
../Core/Src/BL.c:277:6:BL_voidHandlerMemReadCmd	40	static
../Core/Src/BL.c:319:6:BL_voidHandlerReadSectorStatusCmd	16	static
../Core/Src/BL.c:323:6:BL_voidHandlerOTPReadCmd	16	static
../Core/Src/BL.c:327:6:BL_voidHandlerDisRwProtectCmd	16	static
../Core/Src/BL.c:331:16:u8VerifyCRC	40	static
../Core/Src/BL.c:357:13:voidSendAck	24	static
../Core/Src/BL.c:365:13:voidSendNack	16	static
../Core/Src/BL.c:370:16:u8ValidateAdress	24	static
../Core/Src/BL.c:395:16:u8ExcuteFlashErase	48	static
../Core/Src/BL.c:436:16:u8ExcuteMemWrite	40	static
../Core/Src/BL.c:465:16:u8ExcuteMemRead	32	static
